Microsoft Windows [Version 10.0.18363.778]
(c) 2019 Microsoft Corporation. All rights reserved.

C:\Users\harsh>cd../..

C:\>f:

F:\>cd server

F:\server>heroku login
heroku: Press any key to open up the browser to login or q to exit:
Opening browser to https://cli-auth.heroku.com/auth/cli/browser/721b3baf-bcf9-4522-8d03-312b67ba01d2
Logging in... done
Logged in as harshaljadhav910@gmail.com

F:\server>git init
Initialized empty Git repository in F:/server/.git/

F:\server>git add .
warning: LF will be replaced by CRLF in client/.gitignore.
The file will have its original line endings in your working directory
warning: LF will be replaced by CRLF in client/README.md.
The file will have its original line endings in your working directory
warning: LF will be replaced by CRLF in client/package-lock.json.
The file will have its original line endings in your working directory
warning: LF will be replaced by CRLF in client/package.json.
The file will have its original line endings in your working directory
warning: LF will be replaced by CRLF in client/public/index.html.
The file will have its original line endings in your working directory
warning: LF will be replaced by CRLF in client/public/manifest.json.
The file will have its original line endings in your working directory
warning: LF will be replaced by CRLF in client/public/robots.txt.
The file will have its original line endings in your working directory
warning: LF will be replaced by CRLF in client/src/App.css.
The file will have its original line endings in your working directory
warning: LF will be replaced by CRLF in client/src/App.js.
The file will have its original line endings in your working directory
warning: LF will be replaced by CRLF in client/src/App.test.js.
The file will have its original line endings in your working directory
warning: LF will be replaced by CRLF in client/src/index.css.
The file will have its original line endings in your working directory
warning: LF will be replaced by CRLF in client/src/index.js.
The file will have its original line endings in your working directory
warning: LF will be replaced by CRLF in client/src/serviceWorker.js.
The file will have its original line endings in your working directory
warning: LF will be replaced by CRLF in client/src/setupTests.js.
The file will have its original line endings in your working directory
warning: LF will be replaced by CRLF in package-lock.json.
The file will have its original line endings in your working directory
warning: LF will be replaced by CRLF in package.json.
The file will have its original line endings in your working directory

F:\server>heroku git:remote -a instaclone2021
set git remote heroku to https://git.heroku.com/instaclone2021.git

F:\server>git commit -am "make it better"
[master (root-commit) aa73eac] make it better
 42 files changed, 19613 insertions(+)
 create mode 100644 .gitignore
 create mode 100644 app.js
 create mode 100644 client/.gitignore
 create mode 100644 client/README.md
 create mode 100644 client/package-lock.json
 create mode 100644 client/package.json
 create mode 100644 client/public/favicon.ico
 create mode 100644 client/public/index.html
 create mode 100644 client/public/logo192.png
 create mode 100644 client/public/logo512.png
 create mode 100644 client/public/manifest.json
 create mode 100644 client/public/robots.txt
 create mode 100644 client/src/App.css
 create mode 100644 client/src/App.js
 create mode 100644 client/src/App.test.js
 create mode 100644 client/src/components/Navbar.js
 create mode 100644 client/src/components/screens/CreatePost.js
 create mode 100644 client/src/components/screens/Home.js
 create mode 100644 client/src/components/screens/Newpassword.js
 create mode 100644 client/src/components/screens/Profile.js
 create mode 100644 client/src/components/screens/Reset.js
 create mode 100644 client/src/components/screens/SignIn.js
 create mode 100644 client/src/components/screens/Signup.js
 create mode 100644 client/src/components/screens/SubscribesUserPosts.js
 create mode 100644 client/src/components/screens/UserProfile.js
 create mode 100644 client/src/index.css
 create mode 100644 client/src/index.js
 create mode 100644 client/src/reducers/userReducer.js
 create mode 100644 client/src/serviceWorker.js
 create mode 100644 client/src/setupTests.js
 create mode 100644 config/KEYS.JS
 create mode 100644 config/prod.js
 create mode 100644 middleware/requireLogin.js
 create mode 100644 models/post.js
 create mode 100644 models/user.js
 create mode 100644 package-lock.json
 create mode 100644 package.json
 create mode 100644 routes/auth.js
 create mode 100644 routes/post.js
 create mode 100644 routes/user.js
 create mode 100644 step2.txt
 create mode 100644 stepsforinsta.txt

F:\server>git push heroku master
Enumerating objects: 54, done.
Counting objects: 100% (54/54), done.
Delta compression using up to 8 threads
Compressing objects: 100% (51/51), done.
Writing objects: 100% (54/54), 201.66 KiB | 2.32 MiB/s, done.
Total 54 (delta 8), reused 0 (delta 0), pack-reused 0
remote: Compressing source files... done.
remote: Building source:
remote:
remote: -----> Node.js app detected
remote:
remote: -----> Creating runtime environment
remote:
remote:        NPM_CONFIG_LOGLEVEL=error
remote:        NODE_ENV=production
remote:        NODE_MODULES_CACHE=true
remote:        NODE_VERBOSE=false
remote:
remote: -----> Installing binaries
remote:        engines.node (package.json):  unspecified
remote:        engines.npm (package.json):   unspecified (use default)
remote:
remote:        Resolving node version 12.x...
remote:        Downloading and installing node 12.16.3...
remote:        Using default npm version: 6.14.4
remote:
remote: -----> Installing dependencies
remote:        Installing node modules (package.json + package-lock)
remote:
remote:        > core-js@2.6.11 postinstall /tmp/build_cf966e85398627b0c805e762d5e47a38/node_modules/core-js
remote:        > node -e "try{require('./postinstall')}catch(e){}"
remote:
remote:
remote:        > nodemailer@6.4.6 postinstall /tmp/build_cf966e85398627b0c805e762d5e47a38/node_modules/nodemailer
remote:        > node -e "try{require('./postinstall')}catch(e){}"
remote:
remote:        === Nodemailer 6.4.6 ===
remote:
remote:        Thank you for using Nodemailer for your email sending needs! While Nodemailer
remote:        itself is mostly meant to be a SMTP client there are other related projects in
remote:        the Nodemailer project as well.
remote:
remote:        For example:
remote:        > IMAP API (  https://imapapi.com  ) is a server application to easily access
remote:        IMAP accounts via REST API
remote:        > NodemailerApp (  https://nodemailer.com/app/  ) is a cross platform GUI app to
remote:        debug emails
remote:
remote:        added 234 packages from 301 contributors and audited 490 packages in 8.676s
remote:
remote:        2 packages are looking for funding
remote:          run `npm fund` for details
remote:
remote:        found 5 vulnerabilities (2 low, 1 moderate, 2 high)
remote:          run `npm audit fix` to fix them, or `npm audit` for details
remote:
remote: -----> Build
remote:        Running heroku-postbuild
remote:
remote:        > server@1.0.0 heroku-postbuild /tmp/build_cf966e85398627b0c805e762d5e47a38
remote:        > NPM_CONFIG_PRODUCTION=false npm install --prefix client && npm run build --prefix client
remote:
remote:
remote:        > core-js@2.6.11 postinstall /tmp/build_cf966e85398627b0c805e762d5e47a38/client/node_modules/babel-runtime/node_modules/core-js
remote:        > node -e "try{require('./postinstall')}catch(e){}"
remote:
remote:
remote:        > core-js@3.6.5 postinstall /tmp/build_cf966e85398627b0c805e762d5e47a38/client/node_modules/core-js
remote:        > node -e "try{require('./postinstall')}catch(e){}"
remote:
remote:
remote:        > core-js-pure@3.6.5 postinstall /tmp/build_cf966e85398627b0c805e762d5e47a38/client/node_modules/core-js-pure
remote:        > node -e "try{require('./postinstall')}catch(e){}"
remote:
remote:        added 1654 packages from 794 contributors and audited 931454 packages in 41.527s
remote:
remote:        58 packages are looking for funding
remote:          run `npm fund` for details
remote:
remote:        found 1 low severity vulnerability
remote:          run `npm audit fix` to fix them, or `npm audit` for details
remote:
remote:        > client@0.1.0 build /tmp/build_cf966e85398627b0c805e762d5e47a38/client
remote:        > react-scripts build
remote:
remote:        Creating an optimized production build...
remote:        Compiled with warnings.
remote:
remote:        ./src/components/screens/Signup.js
remote:          Line 17:7:   React Hook useEffect has a missing dependency: 'uploadFields'. Either include it or remove the dependency array  react-hooks/exhaustive-deps
remote:          Line 36:23:  Unnecessary escape character: \[                                                                                 no-useless-escape
remote:          Line 36:48:  Unnecessary escape character: \[                                                                                 no-useless-escape
remote:
remote:        ./src/components/screens/Reset.js
remote:          Line 1:24:   'useContext' is defined but never used  no-unused-vars
remote:          Line 2:9:    'Link' is defined but never used        no-unused-vars
remote:          Line 10:23:  Unnecessary escape character: \[        no-useless-escape
remote:          Line 10:48:  Unnecessary escape character: \[        no-useless-escape
remote:
remote:        ./src/components/screens/Newpassword.js
remote:          Line 1:24:  'useContext' is defined but never used  no-unused-vars
remote:          Line 2:9:   'Link' is defined but never used        no-unused-vars
remote:
remote:        ./src/App.js
remote:          Line 20:10:  'state' is assigned a value but never used                                                                                   no-unused-vars
remote:          Line 30:5:   React Hook useEffect has missing dependencies: 'dispatch' and 'history'. Either include them or remove the dependency array  react-hooks/exhaustive-deps
remote:
remote:        ./src/components/screens/UserProfile.js
remote:          Line 22:7:   React Hook useEffect has a missing dependency: 'userid'. Either include it or remove the dependency array  react-hooks/exhaustive-deps
remote:          Line 69:80:  Expected '!==' and instead saw '!='                                                                        eqeqeq
remote:          Line 94:17:  img elements must have an alt prop, either with meaningful text, or an empty string for decorative images  jsx-a11y/alt-text
remote:
remote:        ./src/components/screens/CreatePost.js
remote:          Line 41:7:  React Hook useEffect has missing dependencies: 'body', 'history', and 'title'. Either include them or remove the dependency array  react-hooks/exhaustive-deps
remote:
remote:        ./src/reducers/userReducer.js
remote:          Line 4:19:   Expected '===' and instead saw '=='  eqeqeq
remote:          Line 7:19:   Expected '===' and instead saw '=='  eqeqeq
remote:          Line 10:19:  Expected '===' and instead saw '=='  eqeqeq
remote:          Line 17:19:  Expected '===' and instead saw '=='  eqeqeq
remote:
remote:        ./src/components/screens/Profile.js
remote:          Line 54:7:   React Hook useEffect has missing dependencies: 'dispatch' and 'state'. Either include them or remove the dependency array  react-hooks/exhaustive-deps
remote:          Line 70:21:  img elements must have an alt prop, either with meaningful text, or an empty string for decorative images                  jsx-a11y/alt-text
remote:
remote:        ./src/components/screens/Home.js
remote:          Line 7:18:     'dispatch' is assigned a value but never used                                                              no-unused-vars
remote:          Line 34:28:    Expected '===' and instead saw '=='                                                                        eqeqeq
remote:          Line 61:28:    Expected '===' and instead saw '=='                                                                        eqeqeq
remote:          Line 88:28:    Expected '===' and instead saw '=='                                                                        eqeqeq
remote:          Line 110:24:   Unexpected whitespace before property _id                                                                  no-whitespace-before-property
remote:          Line 121:185:  Expected '===' and instead saw '=='                                                                        eqeqeq
remote:          Line 129:29:   img elements must have an alt prop, either with meaningful text, or an empty string for decorative images  jsx-a11y/alt-text
remote:
remote:        ./src/components/screens/SubscribesUserPosts.js
remote:          Line 7:18:    'dispatch' is assigned a value but never used                                                              no-unused-vars
remote:          Line 34:28:   Expected '===' and instead saw '=='                                                                        eqeqeq
remote:          Line 61:28:   Expected '===' and instead saw '=='                                                                        eqeqeq
remote:          Line 79:185:  Expected '===' and instead saw '=='                                                                        eqeqeq
remote:          Line 87:29:   img elements must have an alt prop, either with meaningful text, or an empty string for decorative images  jsx-a11y/alt-text
remote:
remote:        ./src/components/screens/SignIn.js
remote:          Line 8:12:   'state' is assigned a value but never used  no-unused-vars
remote:          Line 13:23:  Unnecessary escape character: \[            no-useless-escape
remote:          Line 13:48:  Unnecessary escape character: \[            no-useless-escape
remote:
remote:        Search for the keywords to learn more about each warning.
remote:        To ignore, add // eslint-disable-next-line to the line before.
remote:
remote:        File sizes after gzip:
remote:
remote:          89.28 KB  build/static/js/2.1f9eabd2.chunk.js
remote:          4 KB      build/static/js/main.006ccf59.chunk.js
remote:          774 B     build/static/js/runtime-main.597b7f10.js
remote:          663 B     build/static/css/main.4b837127.chunk.css
remote:
remote:        The project was built assuming it is hosted at /.
remote:        You can control this with the homepage field in your package.json.
remote:
remote:        The build folder is ready to be deployed.
remote:        You may serve it with a static server:
remote:
remote:          npm install -g serve
remote:          serve -s build
remote:
remote:        Find out more about deployment here:
remote:
remote:          bit.ly/CRA-deploy
remote:
remote:
remote: -----> Caching build
remote:        - node_modules
remote:
remote: -----> Pruning devDependencies
remote:        audited 490 packages in 2.221s
remote:
remote:        2 packages are looking for funding
remote:          run `npm fund` for details
remote:
remote:        found 5 vulnerabilities (2 low, 1 moderate, 2 high)
remote:          run `npm audit fix` to fix them, or `npm audit` for details
remote:
remote: -----> Build succeeded!
remote: -----> Discovering process types
remote:        Procfile declares types     -> (none)
remote:        Default types for buildpack -> web
remote:
remote: -----> Compressing...
remote:        Done: 66.5M
remote: -----> Launching...
remote:        Released v4
remote:        https://instaclone2021.herokuapp.com/ deployed to Heroku
remote:
remote: Verifying deploy... done.
To https://git.heroku.com/instaclone2021.git
 * [new branch]      master -> master

F:\server>https://instaclone2021.herokuapp.com/